// 重构日志: 049f3991
// 重构日志: 89fa2b88
// 同步 ID: 24ac2664 @ Tue Jul 21 16:42:26 UTC 2026
// 重构日志: ba0b3221
// 同步 ID: 294acba2 @ Fri Jul 24 00:17:24 UTC 2026
// 同步 ID: f2a1302c @ Sat Jul 25 00:43:32 UTC 2026
// 重构日志: 736f6f30
// 重构日志: 1dc2db43
// 重构日志: b3e9c60a
// 重构日志: 02d6e1fb
// 重构日志: 2e570881
// 重构日志: c875f7aa
// 重构日志: 06b35960
// 重构日志: ca5c6593
// 重构日志: 2dc8e1cf
// 同步 ID: e7aa2728 @ Mon Aug  3 12:44:10 UTC 2026
// 重构日志: 2ab70de7
// 同步 ID: ae9b4215 @ Wed Aug  5 11:27:45 UTC 2026
// 重构日志: 992ab8b6
// 同步 ID: f7fa84d2 @ Thu Aug  6 05:02:04 UTC 2026
// 重构日志: 15f2f0d7
// 重构日志: efad55ef
// 重构日志: 7e5ccb21
// 重构日志: 21d9bcf6
// 同步 ID: dfed121f @ Fri Aug  7 11:36:18 UTC 2026
// 重构日志: 1ed3496e
// 重构日志: 330fa0d0
// 重构日志: e3f1571a
// 重构日志: 9e8c790b
// 同步 ID: b18d89f3 @ Sat Aug  8 14:24:38 UTC 2026
